// Jest Snapshot v1, https://goo.gl/fbAQLP

exports[`CooniBtn shared component test component and snapshot matches 1`] = `
<div
  className="btn"
  onClick={[Function]}
  style={
    Object {
      "borderColor": "#fff",
      "color": "#fff",
    }
  }
>
  <span
    className="txt"
  >
    CooniBtn 2nd test
  </span>
</div>
`;

exports[`CooniBtn shared component test component onClick function has to be added and work to make the count 2 1`] = `
<div
  className="btn"
  onClick={[Function]}
  style={
    Object {
      "borderColor": "#fff",
      "color": "#fff",
    }
  }
>
  <span
    className="txt"
  >
    CooniBtn 2nd test
  </span>
</div>
`;
