// Jest Snapshot v1, https://goo.gl/fbAQLP

exports[`Tab1 page DOM rendering test Home page has to be matched to snapshot 1`] = `
<div
  className="container"
>
  <CooniBtn
    btnTxt="No Page"
    onClick={[Function]}
  />
  <CooniBtn
    btnTxt="LOGOUT"
    onClick={[Function]}
  />
</div>
`;
